Archive member included to satisfy reference by file (symbol)

d:/ac6/workbench/plugins/fr.ac6.mcu.externaltools.arm-none.win32_1.17.0.201812190825/tools/compiler/bin/../lib/gcc/arm-none-eabi/7.3.1/../../../../arm-none-eabi/lib/thumb/v7-m\libc_nano.a(lib_a-errno.o)
                              Core/Src/syscalls.o (__errno)
d:/ac6/workbench/plugins/fr.ac6.mcu.externaltools.arm-none.win32_1.17.0.201812190825/tools/compiler/bin/../lib/gcc/arm-none-eabi/7.3.1/../../../../arm-none-eabi/lib/thumb/v7-m\libc_nano.a(lib_a-exit.o)
                              d:/ac6/workbench/plugins/fr.ac6.mcu.externaltools.arm-none.win32_1.17.0.201812190825/tools/compiler/bin/../lib/gcc/arm-none-eabi/7.3.1/../../../../arm-none-eabi/lib/thumb/v7-m/crt0.o (exit)
d:/ac6/workbench/plugins/fr.ac6.mcu.externaltools.arm-none.win32_1.17.0.201812190825/tools/compiler/bin/../lib/gcc/arm-none-eabi/7.3.1/../../../../arm-none-eabi/lib/thumb/v7-m\libc_nano.a(lib_a-impure.o)
                              d:/ac6/workbench/plugins/fr.ac6.mcu.externaltools.arm-none.win32_1.17.0.201812190825/tools/compiler/bin/../lib/gcc/arm-none-eabi/7.3.1/../../../../arm-none-eabi/lib/thumb/v7-m\libc_nano.a(lib_a-exit.o) (_global_impure_ptr)
d:/ac6/workbench/plugins/fr.ac6.mcu.externaltools.arm-none.win32_1.17.0.201812190825/tools/compiler/bin/../lib/gcc/arm-none-eabi/7.3.1/../../../../arm-none-eabi/lib/thumb/v7-m\libc_nano.a(lib_a-init.o)
                              d:/ac6/workbench/plugins/fr.ac6.mcu.externaltools.arm-none.win32_1.17.0.201812190825/tools/compiler/bin/../lib/gcc/arm-none-eabi/7.3.1/../../../../arm-none-eabi/lib/thumb/v7-m/crt0.o (__libc_init_array)
d:/ac6/workbench/plugins/fr.ac6.mcu.externaltools.arm-none.win32_1.17.0.201812190825/tools/compiler/bin/../lib/gcc/arm-none-eabi/7.3.1/../../../../arm-none-eabi/lib/thumb/v7-m\libc_nano.a(lib_a-malloc.o)
                              Core/Src/hc05.o (malloc)
d:/ac6/workbench/plugins/fr.ac6.mcu.externaltools.arm-none.win32_1.17.0.201812190825/tools/compiler/bin/../lib/gcc/arm-none-eabi/7.3.1/../../../../arm-none-eabi/lib/thumb/v7-m\libc_nano.a(lib_a-memcpy-stub.o)
                              Core/Src/hc05.o (memcpy)
d:/ac6/workbench/plugins/fr.ac6.mcu.externaltools.arm-none.win32_1.17.0.201812190825/tools/compiler/bin/../lib/gcc/arm-none-eabi/7.3.1/../../../../arm-none-eabi/lib/thumb/v7-m\libc_nano.a(lib_a-memset.o)
                              d:/ac6/workbench/plugins/fr.ac6.mcu.externaltools.arm-none.win32_1.17.0.201812190825/tools/compiler/bin/../lib/gcc/arm-none-eabi/7.3.1/../../../../arm-none-eabi/lib/thumb/v7-m/crt0.o (memset)
d:/ac6/workbench/plugins/fr.ac6.mcu.externaltools.arm-none.win32_1.17.0.201812190825/tools/compiler/bin/../lib/gcc/arm-none-eabi/7.3.1/../../../../arm-none-eabi/lib/thumb/v7-m\libc_nano.a(lib_a-nano-freer.o)
                              d:/ac6/workbench/plugins/fr.ac6.mcu.externaltools.arm-none.win32_1.17.0.201812190825/tools/compiler/bin/../lib/gcc/arm-none-eabi/7.3.1/../../../../arm-none-eabi/lib/thumb/v7-m\libc_nano.a(lib_a-malloc.o) (_free_r)
d:/ac6/workbench/plugins/fr.ac6.mcu.externaltools.arm-none.win32_1.17.0.201812190825/tools/compiler/bin/../lib/gcc/arm-none-eabi/7.3.1/../../../../arm-none-eabi/lib/thumb/v7-m\libc_nano.a(lib_a-nano-mallocr.o)
                              d:/ac6/workbench/plugins/fr.ac6.mcu.externaltools.arm-none.win32_1.17.0.201812190825/tools/compiler/bin/../lib/gcc/arm-none-eabi/7.3.1/../../../../arm-none-eabi/lib/thumb/v7-m\libc_nano.a(lib_a-malloc.o) (_malloc_r)
d:/ac6/workbench/plugins/fr.ac6.mcu.externaltools.arm-none.win32_1.17.0.201812190825/tools/compiler/bin/../lib/gcc/arm-none-eabi/7.3.1/../../../../arm-none-eabi/lib/thumb/v7-m\libc_nano.a(lib_a-sbrkr.o)
                              d:/ac6/workbench/plugins/fr.ac6.mcu.externaltools.arm-none.win32_1.17.0.201812190825/tools/compiler/bin/../lib/gcc/arm-none-eabi/7.3.1/../../../../arm-none-eabi/lib/thumb/v7-m\libc_nano.a(lib_a-nano-mallocr.o) (_sbrk_r)
d:/ac6/workbench/plugins/fr.ac6.mcu.externaltools.arm-none.win32_1.17.0.201812190825/tools/compiler/bin/../lib/gcc/arm-none-eabi/7.3.1/../../../../arm-none-eabi/lib/thumb/v7-m\libc_nano.a(lib_a-sprintf.o)
                              Core/Src/hc05.o (sprintf)
d:/ac6/workbench/plugins/fr.ac6.mcu.externaltools.arm-none.win32_1.17.0.201812190825/tools/compiler/bin/../lib/gcc/arm-none-eabi/7.3.1/../../../../arm-none-eabi/lib/thumb/v7-m\libc_nano.a(lib_a-strcmp.o)
                              Core/Src/hc05.o (strcmp)
d:/ac6/workbench/plugins/fr.ac6.mcu.externaltools.arm-none.win32_1.17.0.201812190825/tools/compiler/bin/../lib/gcc/arm-none-eabi/7.3.1/../../../../arm-none-eabi/lib/thumb/v7-m\libc_nano.a(lib_a-strcpy.o)
                              Core/Src/hc05.o (strcpy)
d:/ac6/workbench/plugins/fr.ac6.mcu.externaltools.arm-none.win32_1.17.0.201812190825/tools/compiler/bin/../lib/gcc/arm-none-eabi/7.3.1/../../../../arm-none-eabi/lib/thumb/v7-m\libc_nano.a(lib_a-strlen.o)
                              Core/Src/hc05.o (strlen)
[...]
Memory Configuration

Name             Origin             Length             Attributes
RAM              0x20000000         0x00005000         xrw
FLASH            0x08000000         0x00020000         xr
*default*        0x00000000         0xffffffff

Linker script and memory map

LOAD d:/ac6/workbench/plugins/fr.ac6.mcu.externaltools.arm-none.win32_1.17.0.201812190825/tools/compiler/bin/../lib/gcc/arm-none-eabi/7.3.1/thumb/v7-m/crti.o
LOAD d:/ac6/workbench/plugins/fr.ac6.mcu.externaltools.arm-none.win32_1.17.0.201812190825/tools/compiler/bin/../lib/gcc/arm-none-eabi/7.3.1/thumb/v7-m/crtbegin.o
LOAD d:/ac6/workbench/plugins/fr.ac6.mcu.externaltools.arm-none.win32_1.17.0.201812190825/tools/compiler/bin/../lib/gcc/arm-none-eabi/7.3.1/../../../../arm-none-eabi/lib/thumb/v7-m/crt0.o
LOAD Core/Src/hc05.o
LOAD Core/Src/main.o
LOAD Core/Src/stm32f1xx_hal_msp.o
LOAD Core/Src/stm32f1xx_it.o
LOAD Core/Src/syscalls.o
LOAD Core/Src/system_stm32f1xx.o
LOAD Drivers/STM32F1xx_HAL_Driver/Src/stm32f1xx_hal.o
LOAD Drivers/STM32F1xx_HAL_Driver/Src/stm32f1xx_hal_cortex.o
LOAD Drivers/STM32F1xx_HAL_Driver/Src/stm32f1xx_hal_dma.o
LOAD Drivers/STM32F1xx_HAL_Driver/Src/stm32f1xx_hal_exti.o
LOAD Drivers/STM32F1xx_HAL_Driver/Src/stm32f1xx_hal_flash.o
LOAD Drivers/STM32F1xx_HAL_Driver/Src/stm32f1xx_hal_flash_ex.o
LOAD Drivers/STM32F1xx_HAL_Driver/Src/stm32f1xx_hal_gpio.o
LOAD Drivers/STM32F1xx_HAL_Driver/Src/stm32f1xx_hal_gpio_ex.o
LOAD Drivers/STM32F1xx_HAL_Driver/Src/stm32f1xx_hal_pwr.o
LOAD Drivers/STM32F1xx_HAL_Driver/Src/stm32f1xx_hal_rcc.o
LOAD Drivers/STM32F1xx_HAL_Driver/Src/stm32f1xx_hal_rcc_ex.o
LOAD Drivers/STM32F1xx_HAL_Driver/Src/stm32f1xx_hal_tim.o
LOAD Drivers/STM32F1xx_HAL_Driver/Src/stm32f1xx_hal_tim_ex.o
LOAD Drivers/STM32F1xx_HAL_Driver/Src/stm32f1xx_hal_uart.o
LOAD startup/startup_stm32f103xb.o
LOAD d:/ac6/workbench/plugins/fr.ac6.mcu.externaltools.arm-none.win32_1.17.0.201812190825/tools/compiler/bin/../lib/gcc/arm-none-eabi/7.3.1/../../../../arm-none-eabi/lib/thumb/v7-m\libm.a
START GROUP
LOAD d:/ac6/workbench/plugins/fr.ac6.mcu.externaltools.arm-none.win32_1.17.0.201812190825/tools/compiler/bin/../lib/gcc/arm-none-eabi/7.3.1/thumb/v7-m\libgcc.a
LOAD d:/ac6/workbench/plugins/fr.ac6.mcu.externaltools.arm-none.win32_1.17.0.201812190825/tools/compiler/bin/../lib/gcc/arm-none-eabi/7.3.1/../../../../arm-none-eabi/lib/thumb/v7-m\libc_nano.a
END GROUP
START GROUP
LOAD d:/ac6/workbench/plugins/fr.ac6.mcu.externaltools.arm-none.win32_1.17.0.201812190825/tools/compiler/bin/../lib/gcc/arm-none-eabi/7.3.1/thumb/v7-m\libgcc.a
LOAD d:/ac6/workbench/plugins/fr.ac6.mcu.externaltools.arm-none.win32_1.17.0.201812190825/tools/compiler/bin/../lib/gcc/arm-none-eabi/7.3.1/../../../../arm-none-eabi/lib/thumb/v7-m\libc_nano.a
LOAD d:/ac6/workbench/plugins/fr.ac6.mcu.externaltools.arm-none.win32_1.17.0.201812190825/tools/compiler/bin/../lib/gcc/arm-none-eabi/7.3.1/../../../../arm-none-eabi/lib/thumb/v7-m\libnosys.a
END GROUP
START GROUP
LOAD d:/ac6/workbench/plugins/fr.ac6.mcu.externaltools.arm-none.win32_1.17.0.201812190825/tools/compiler/bin/../lib/gcc/arm-none-eabi/7.3.1/thumb/v7-m\libgcc.a
LOAD d:/ac6/workbench/plugins/fr.ac6.mcu.externaltools.arm-none.win32_1.17.0.201812190825/tools/compiler/bin/../lib/gcc/arm-none-eabi/7.3.1/../../../../arm-none-eabi/lib/thumb/v7-m\libc_nano.a
LOAD d:/ac6/workbench/plugins/fr.ac6.mcu.externaltools.arm-none.win32_1.17.0.201812190825/tools/compiler/bin/../lib/gcc/arm-none-eabi/7.3.1/../../../../arm-none-eabi/lib/thumb/v7-m\libnosys.a
END GROUP
LOAD d:/ac6/workbench/plugins/fr.ac6.mcu.externaltools.arm-none.win32_1.17.0.201812190825/tools/compiler/bin/../lib/gcc/arm-none-eabi/7.3.1/thumb/v7-m/crtend.o
LOAD d:/ac6/workbench/plugins/fr.ac6.mcu.externaltools.arm-none.win32_1.17.0.201812190825/tools/compiler/bin/../lib/gcc/arm-none-eabi/7.3.1/thumb/v7-m/crtn.o
                0x20005000                _estack = 0x20005000
                0x00000200                _Min_Heap_Size = 0x200
                0x00000400                _Min_Stack_Size = 0x400

.isr_vector     0x08000000      0x10c
                0x08000000                . = ALIGN (0x4)
 *(.isr_vector)
 .isr_vector    0x08000000      0x10c startup/startup_stm32f103xb.o
                0x08000000                g_pfnVectors
                0x0800010c                . = ALIGN (0x4)

.text           0x0800010c     0x133c
                0x0800010c                . = ALIGN (0x4)
 *(.text)
 .text          0x0800010c       0x40 d:/ac6/workbench/plugins/fr.ac6.mcu.externaltools.arm-none.win32_1.17.0.201812190825/tools/compiler/bin/../lib/gcc/arm-none-eabi/7.3.1/thumb/v7-m/crtbegin.o
 .text          0x0800014c       0x10 d:/ac6/workbench/plugins/fr.ac6.mcu.externaltools.arm-none.win32_1.17.0.201812190825/tools/compiler/bin/../lib/gcc/arm-none-eabi/7.3.1/../../../../arm-none-eabi/lib/thumb/v7-m\libc_nano.a(lib_a-strlen.o)
                0x0800014c                strlen
 *(.text*)
 .text.initializeHC05Module
                0x0800015c       0x28 Core/Src/hc05.o
                0x0800015c                initializeHC05Module
 .text.sendData
                0x08000184       0x1c Core/Src/hc05.o
                0x08000184                sendData
 .text.receiveData
                0x080001a0       0x20 Core/Src/hc05.o
                0x080001a0                receiveData
 .text.MX_GPIO_Init
                0x080001c0       0xb4 Core/Src/main.o
 .text.MX_USART2_UART_Init
                0x08000274       0x2c Core/Src/main.o
 .text.MX_USART1_UART_Init
                0x080002a0       0x2c Core/Src/main.o
 .text.HAL_GPIO_EXTI_Callback
                0x080002cc       0x14 Core/Src/main.o
                0x080002cc                HAL_GPIO_EXTI_Callback
 .text.SystemClock_Config
                0x080002e0       0x50 Core/Src/main.o
                0x080002e0                SystemClock_Config
 .text.main     0x08000330       0x7c Core/Src/main.o
                0x08000330                main
 .text.HAL_MspInit
                0x080003ac       0x44 Core/Src/stm32f1xx_hal_msp.o
                0x080003ac                HAL_MspInit
 .text.HAL_UART_MspInit
                0x080003f0       0xc0 Core/Src/stm32f1xx_hal_msp.o
                0x080003f0                HAL_UART_MspInit
 .text.NMI_Handler
                0x080004b0        0x2 Core/Src/stm32f1xx_it.o
                0x080004b0                NMI_Handler
 .text.HardFault_Handler
                0x080004b2        0x2 Core/Src/stm32f1xx_it.o
                0x080004b2                HardFault_Handler
 .text.MemManage_Handler
                0x080004b4        0x2 Core/Src/stm32f1xx_it.o
                0x080004b4                MemManage_Handler
 .text.BusFault_Handler
                0x080004b6        0x2 Core/Src/stm32f1xx_it.o
                0x080004b6                BusFault_Handler
 .text.UsageFault_Handler
                0x080004b8        0x2 Core/Src/stm32f1xx_it.o
                0x080004b8                UsageFault_Handler
 .text.SVC_Handler
                0x080004ba        0x2 Core/Src/stm32f1xx_it.o
                0x080004ba                SVC_Handler
 .text.DebugMon_Handler
                0x080004bc        0x2 Core/Src/stm32f1xx_it.o
                0x080004bc                DebugMon_Handler
 .text.PendSV_Handler
                0x080004be        0x2 Core/Src/stm32f1xx_it.o
                0x080004be                PendSV_Handler
 .text.SysTick_Handler
                0x080004c0        0x8 Core/Src/stm32f1xx_it.o
                0x080004c0                SysTick_Handler
 .text.EXTI15_10_IRQHandler
                0x080004c8        0xc Core/Src/stm32f1xx_it.o
                0x080004c8                EXTI15_10_IRQHandler
 .text._sbrk    0x080004d4       0x3c Core/Src/syscalls.o
                0x080004d4                _sbrk
 .text.SystemInit
                0x08000510       0x4c Core/Src/system_stm32f1xx.o
                0x08000510                SystemInit
 .text.HAL_InitTick
                0x0800055c       0x48 Drivers/STM32F1xx_HAL_Driver/Src/stm32f1xx_hal.o
                0x0800055c                HAL_InitTick
 .text.HAL_Init
                0x080005a4       0x24 Drivers/STM32F1xx_HAL_Driver/Src/stm32f1xx_hal.o
                0x080005a4                HAL_Init
 .text.HAL_IncTick
                0x080005c8       0x18 Drivers/STM32F1xx_HAL_Driver/Src/stm32f1xx_hal.o
                0x080005c8                HAL_IncTick
 .text.HAL_GetTick
                0x080005e0        0xc Drivers/STM32F1xx_HAL_Driver/Src/stm32f1xx_hal.o
                0x080005e0                HAL_GetTick
 .text.HAL_Delay
                0x080005ec       0x28 Drivers/STM32F1xx_HAL_Driver/Src/stm32f1xx_hal.o
                0x080005ec                HAL_Delay
 .text.HAL_NVIC_SetPriorityGrouping
                0x08000614       0x24 Drivers/STM32F1xx_HAL_Driver/Src/stm32f1xx_hal_cortex.o
                0x08000614                HAL_NVIC_SetPriorityGrouping
 .text.HAL_NVIC_SetPriority
                0x08000638       0x68 Drivers/STM32F1xx_HAL_Driver/Src/stm32f1xx_hal_cortex.o
                0x08000638                HAL_NVIC_SetPriority
 .text.HAL_NVIC_EnableIRQ
                0x080006a0       0x1c Drivers/STM32F1xx_HAL_Driver/Src/stm32f1xx_hal_cortex.o
                0x080006a0                HAL_NVIC_EnableIRQ
 .text.HAL_SYSTICK_Config
                0x080006bc       0x2c Drivers/STM32F1xx_HAL_Driver/Src/stm32f1xx_hal_cortex.o
                0x080006bc                HAL_SYSTICK_Config
 .text.HAL_GPIO_Init
                0x080006e8      0x1d8 Drivers/STM32F1xx_HAL_Driver/Src/stm32f1xx_hal_gpio.o
                0x080006e8                HAL_GPIO_Init
 .text.HAL_GPIO_WritePin
                0x080008c0        0xc Drivers/STM32F1xx_HAL_Driver/Src/stm32f1xx_hal_gpio.o
                0x080008c0                HAL_GPIO_WritePin
 .text.HAL_GPIO_EXTI_IRQHandler
                0x080008cc       0x1c Drivers/STM32F1xx_HAL_Driver/Src/stm32f1xx_hal_gpio.o
                0x080008cc                HAL_GPIO_EXTI_IRQHandler
 .text.RCC_Delay
                0x080008e8       0x2c Drivers/STM32F1xx_HAL_Driver/Src/stm32f1xx_hal_rcc.o
 .text.HAL_RCC_OscConfig
                0x08000914      0x410 Drivers/STM32F1xx_HAL_Driver/Src/stm32f1xx_hal_rcc.o
                0x08000914                HAL_RCC_OscConfig
 .text.HAL_RCC_GetSysClockFreq
                0x08000d24       0x70 Drivers/STM32F1xx_HAL_Driver/Src/stm32f1xx_hal_rcc.o
                0x08000d24                HAL_RCC_GetSysClockFreq
 .text.HAL_RCC_ClockConfig
                0x08000d94      0x168 Drivers/STM32F1xx_HAL_Driver/Src/stm32f1xx_hal_rcc.o
                0x08000d94                HAL_RCC_ClockConfig
 .text.HAL_RCC_GetHCLKFreq
                0x08000efc        0xc Drivers/STM32F1xx_HAL_Driver/Src/stm32f1xx_hal_rcc.o
                0x08000efc                HAL_RCC_GetHCLKFreq
 .text.HAL_RCC_GetPCLK1Freq
                0x08000f08       0x20 Drivers/STM32F1xx_HAL_Driver/Src/stm32f1xx_hal_rcc.o
                0x08000f08                HAL_RCC_GetPCLK1Freq
 .text.HAL_RCC_GetPCLK2Freq
                0x08000f28       0x20 Drivers/STM32F1xx_HAL_Driver/Src/stm32f1xx_hal_rcc.o
                0x08000f28                HAL_RCC_GetPCLK2Freq
 .text.UART_SetConfig
                0x08000f48       0xcc Drivers/STM32F1xx_HAL_Driver/Src/stm32f1xx_hal_uart.o
 .text.UART_WaitOnFlagUntilTimeout
                0x08001014       0x62 Drivers/STM32F1xx_HAL_Driver/Src/stm32f1xx_hal_uart.o
 .text.HAL_UART_Init
                0x08001076       0x5e Drivers/STM32F1xx_HAL_Driver/Src/stm32f1xx_hal_uart.o
                0x08001076                HAL_UART_Init
 .text.HAL_UART_Transmit
                0x080010d4       0xe0 Drivers/STM32F1xx_HAL_Driver/Src/stm32f1xx_hal_uart.o
                0x080010d4                HAL_UART_Transmit
 .text.HAL_UART_Receive
                0x080011b4       0xe4 Drivers/STM32F1xx_HAL_Driver/Src/stm32f1xx_hal_uart.o
                0x080011b4                HAL_UART_Receive
 .text.Reset_Handler
                0x08001298       0x48 startup/startup_stm32f103xb.o
                0x08001298                Reset_Handler
 .text.Default_Handler
                0x080012e0        0x2 startup/startup_stm32f103xb.o
                0x080012e0                RTC_Alarm_IRQHandler
                0x080012e0                EXTI2_IRQHandler
                0x080012e0                TIM1_CC_IRQHandler
                0x080012e0                PVD_IRQHandler
                0x080012e0                EXTI3_IRQHandler
                0x080012e0                EXTI0_IRQHandler
                0x080012e0                I2C2_EV_IRQHandler
                0x080012e0                ADC1_2_IRQHandler
                0x080012e0                SPI1_IRQHandler
                0x080012e0                TAMPER_IRQHandler
                0x080012e0                DMA1_Channel4_IRQHandler
                0x080012e0                USART3_IRQHandler
                0x080012e0                RTC_IRQHandler
                0x080012e0                DMA1_Channel7_IRQHandler
                0x080012e0                CAN1_RX1_IRQHandler
                0x080012e0                TIM4_IRQHandler
                0x080012e0                I2C1_EV_IRQHandler
                0x080012e0                DMA1_Channel6_IRQHandler
                0x080012e0                TIM3_IRQHandler
                0x080012e0                RCC_IRQHandler
                0x080012e0                TIM1_TRG_COM_IRQHandler
                0x080012e0                DMA1_Channel1_IRQHandler
                0x080012e0                Default_Handler
                0x080012e0                EXTI9_5_IRQHandler
                0x080012e0                SPI2_IRQHandler
                0x080012e0                DMA1_Channel5_IRQHandler
                0x080012e0                EXTI4_IRQHandler
                0x080012e0                USB_LP_CAN1_RX0_IRQHandler
                0x080012e0                USB_HP_CAN1_TX_IRQHandler
                0x080012e0                DMA1_Channel3_IRQHandler
                0x080012e0                TIM1_UP_IRQHandler
                0x080012e0                WWDG_IRQHandler
                0x080012e0                TIM2_IRQHandler
                0x080012e0                TIM1_BRK_IRQHandler
                0x080012e0                EXTI1_IRQHandler
                0x080012e0                USART2_IRQHandler
                0x080012e0                I2C2_ER_IRQHandler
                0x080012e0                DMA1_Channel2_IRQHandler
                0x080012e0                CAN1_SCE_IRQHandler
                0x080012e0                FLASH_IRQHandler
                0x080012e0                USART1_IRQHandler
                0x080012e0                I2C1_ER_IRQHandler
                0x080012e0                USBWakeUp_IRQHandler
 *fill*         0x080012e2        0x2 
 .text.__errno  0x080012e4        0xc d:/ac6/workbench/plugins/fr.ac6.mcu.externaltools.arm-none.win32_1.17.0.201812190825/tools/compiler/bin/../lib/gcc/arm-none-eabi/7.3.1/../../../../arm-none-eabi/lib/thumb/v7-m\libc_nano.a(lib_a-errno.o)
                0x080012e4                __errno
 .text.__libc_init_array
                0x080012f0       0x48 d:/ac6/workbench/plugins/fr.ac6.mcu.externaltools.arm-none.win32_1.17.0.201812190825/tools/compiler/bin/../lib/gcc/arm-none-eabi/7.3.1/../../../../arm-none-eabi/lib/thumb/v7-m\libc_nano.a(lib_a-init.o)
                0x080012f0                __libc_init_array
 .text.malloc   0x08001338       0x10 d:/ac6/workbench/plugins/fr.ac6.mcu.externaltools.arm-none.win32_1.17.0.201812190825/tools/compiler/bin/../lib/gcc/arm-none-eabi/7.3.1/../../../../arm-none-eabi/lib/thumb/v7-m\libc_nano.a(lib_a-malloc.o)
                0x08001338                malloc
 .text.memset   0x08001348       0x10 d:/ac6/workbench/plugins/fr.ac6.mcu.externaltools.arm-none.win32_1.17.0.201812190825/tools/compiler/bin/../lib/gcc/arm-none-eabi/7.3.1/../../../../arm-none-eabi/lib/thumb/v7-m\libc_nano.a(lib_a-memset.o)
                0x08001348                memset
 .text._malloc_r
                0x08001358       0xb4 d:/ac6/workbench/plugins/fr.ac6.mcu.externaltools.arm-none.win32_1.17.0.201812190825/tools/compiler/bin/../lib/gcc/arm-none-eabi/7.3.1/../../../../arm-none-eabi/lib/thumb/v7-m\libc_nano.a(lib_a-nano-mallocr.o)
                0x08001358                _malloc_r
 .text._sbrk_r  0x0800140c       0x20 d:/ac6/workbench/plugins/fr.ac6.mcu.externaltools.arm-none.win32_1.17.0.201812190825/tools/compiler/bin/../lib/gcc/arm-none-eabi/7.3.1/../../../../arm-none-eabi/lib/thumb/v7-m\libc_nano.a(lib_a-sbrkr.o)
                0x0800140c                _sbrk_r
 .text.__malloc_lock
                0x0800142c        0x2 d:/ac6/workbench/plugins/fr.ac6.mcu.externaltools.arm-none.win32_1.17.0.201812190825/tools/compiler/bin/../lib/gcc/arm-none-eabi/7.3.1/../../../../arm-none-eabi/lib/thumb/v7-m\libc_nano.a(lib_a-mlock.o)
                0x0800142c                __malloc_lock
 .text.__malloc_unlock
                0x0800142e        0x2 d:/ac6/workbench/plugins/fr.ac6.mcu.externaltools.arm-none.win32_1.17.0.201812190825/tools/compiler/bin/../lib/gcc/arm-none-eabi/7.3.1/../../../../arm-none-eabi/lib/thumb/v7-m\libc_nano.a(lib_a-mlock.o)
                0x0800142e                __malloc_unlock
 *(.glue_7)
 .glue_7        0x08001430        0x0 linker stubs
 *(.glue_7t)
 .glue_7t       0x08001430        0x0 linker stubs
 *(.eh_frame)
 .eh_frame      0x08001430        0x0 d:/ac6/workbench/plugins/fr.ac6.mcu.externaltools.arm-none.win32_1.17.0.201812190825/tools/compiler/bin/../lib/gcc/arm-none-eabi/7.3.1/thumb/v7-m/crtbegin.o
 *(.init)
 .init          0x08001430        0x4 d:/ac6/workbench/plugins/fr.ac6.mcu.externaltools.arm-none.win32_1.17.0.201812190825/tools/compiler/bin/../lib/gcc/arm-none-eabi/7.3.1/thumb/v7-m/crti.o
                0x08001430                _init
 .init          0x08001434        0x8 d:/ac6/workbench/plugins/fr.ac6.mcu.externaltools.arm-none.win32_1.17.0.201812190825/tools/compiler/bin/../lib/gcc/arm-none-eabi/7.3.1/thumb/v7-m/crtn.o
 *(.fini)
 .fini          0x0800143c        0x4 d:/ac6/workbench/plugins/fr.ac6.mcu.externaltools.arm-none.win32_1.17.0.201812190825/tools/compiler/bin/../lib/gcc/arm-none-eabi/7.3.1/thumb/v7-m/crti.o
                0x0800143c                _fini
 .fini          0x08001440        0x8 d:/ac6/workbench/plugins/fr.ac6.mcu.externaltools.arm-none.win32_1.17.0.201812190825/tools/compiler/bin/../lib/gcc/arm-none-eabi/7.3.1/thumb/v7-m/crtn.o
                0x08001448                . = ALIGN (0x4)
                0x08001448                _etext = .

.vfp11_veneer   0x08001448        0x0
 .vfp11_veneer  0x08001448        0x0 linker stubs

.v4_bx          0x08001448        0x0
 .v4_bx         0x08001448        0x0 linker stubs

.iplt           0x08001448        0x0
 .iplt          0x08001448        0x0 d:/ac6/workbench/plugins/fr.ac6.mcu.externaltools.arm-none.win32_1.17.0.201812190825/tools/compiler/bin/../lib/gcc/arm-none-eabi/7.3.1/thumb/v7-m/crtbegin.o

.rodata         0x08001448       0x34
                0x08001448                . = ALIGN (0x4)
 *(.rodata)
 .rodata        0x08001448       0x18 Core/Src/system_stm32f1xx.o
                0x08001448                AHBPrescTable
                0x08001458                APBPrescTable
 .rodata        0x08001460       0x12 Drivers/STM32F1xx_HAL_Driver/Src/stm32f1xx_hal_rcc.o
 *(.rodata*)
 *fill*         0x08001472        0x2 
 .rodata.str1.4
                0x08001474        0x8 Core/Src/main.o
                                  0x6 (size before relaxing)
                0x0800147c                . = ALIGN (0x4)

.rel.dyn        0x0800147c        0x0
 .rel.iplt      0x0800147c        0x0 d:/ac6/workbench/plugins/fr.ac6.mcu.externaltools.arm-none.win32_1.17.0.201812190825/tools/compiler/bin/../lib/gcc/arm-none-eabi/7.3.1/thumb/v7-m/crtbegin.o

.ARM.extab
 *(.ARM.extab* .gnu.linkonce.armextab.*)

.ARM            0x0800147c        0x0
                0x0800147c                __exidx_start = .
 *(.ARM.exidx*)
                0x0800147c                __exidx_end = .

.preinit_array  0x0800147c        0x0
                0x0800147c                PROVIDE (__preinit_array_start = .)
 *(.preinit_array*)
                0x0800147c                PROVIDE (__preinit_array_end = .)

.init_array     0x0800147c        0x4
                0x0800147c                PROVIDE (__init_array_start = .)
 *(SORT_BY_NAME(.init_array.*))
 *(.init_array*)
 .init_array    0x0800147c        0x4 d:/ac6/workbench/plugins/fr.ac6.mcu.externaltools.arm-none.win32_1.17.0.201812190825/tools/compiler/bin/../lib/gcc/arm-none-eabi/7.3.1/thumb/v7-m/crtbegin.o
                0x08001480                PROVIDE (__init_array_end = .)

.fini_array     0x08001480        0x4
                [!provide]                PROVIDE (__fini_array_start = .)
 *(SORT_BY_NAME(.fini_array.*))
 *(.fini_array*)
 .fini_array    0x08001480        0x4 d:/ac6/workbench/plugins/fr.ac6.mcu.externaltools.arm-none.win32_1.17.0.201812190825/tools/compiler/bin/../lib/gcc/arm-none-eabi/7.3.1/thumb/v7-m/crtbegin.o
                [!provide]                PROVIDE (__fini_array_end = .)
                0x08001484                _sidata = LOADADDR (.data)

.data           0x20000000       0x70 load address 0x08001484
                0x20000000                . = ALIGN (0x4)
                0x20000000                _sdata = .
 *(.data)
 .data          0x20000000        0x4 Core/Src/system_stm32f1xx.o
                0x20000000                SystemCoreClock
 .data          0x20000004        0x8 Drivers/STM32F1xx_HAL_Driver/Src/stm32f1xx_hal.o
                0x20000004                uwTickFreq
                0x20000008                uwTickPrio
 *(.data*)
 .data._impure_ptr
                0x2000000c        0x4 d:/ac6/workbench/plugins/fr.ac6.mcu.externaltools.arm-none.win32_1.17.0.201812190825/tools/compiler/bin/../lib/gcc/arm-none-eabi/7.3.1/../../../../arm-none-eabi/lib/thumb/v7-m\libc_nano.a(lib_a-impure.o)
                0x2000000c                _impure_ptr
 .data.impure_data
                0x20000010       0x60 d:/ac6/workbench/plugins/fr.ac6.mcu.externaltools.arm-none.win32_1.17.0.201812190825/tools/compiler/bin/../lib/gcc/arm-none-eabi/7.3.1/../../../../arm-none-eabi/lib/thumb/v7-m\libc_nano.a(lib_a-impure.o)
                0x20000070                . = ALIGN (0x4)
                0x20000070                _edata = .

.igot.plt       0x20000070        0x0 load address 0x080014f4
 .igot.plt      0x20000070        0x0 d:/ac6/workbench/plugins/fr.ac6.mcu.externaltools.arm-none.win32_1.17.0.201812190825/tools/compiler/bin/../lib/gcc/arm-none-eabi/7.3.1/thumb/v7-m/crtbegin.o
                0x20000070                . = ALIGN (0x4)

.bss            0x20000070       0xf8 load address 0x080014f4
                0x20000070                _sbss = .
                0x20000070                __bss_start__ = _sbss
 *(.bss)
 .bss           0x20000070       0x1c d:/ac6/workbench/plugins/fr.ac6.mcu.externaltools.arm-none.win32_1.17.0.201812190825/tools/compiler/bin/../lib/gcc/arm-none-eabi/7.3.1/thumb/v7-m/crtbegin.o
 .bss           0x2000008c        0x1 Core/Src/main.o
                0x2000008c                buttonPressed
 *fill*         0x2000008d        0x3 
 .bss           0x20000090        0x8 Core/Src/syscalls.o
                0x20000094                __env
 *(.bss*)
 .bss.__malloc_free_list
                0x20000098        0x4 d:/ac6/workbench/plugins/fr.ac6.mcu.externaltools.arm-none.win32_1.17.0.201812190825/tools/compiler/bin/../lib/gcc/arm-none-eabi/7.3.1/../../../../arm-none-eabi/lib/thumb/v7-m\libc_nano.a(lib_a-nano-mallocr.o)
                0x20000098                __malloc_free_list
 .bss.__malloc_sbrk_start
                0x2000009c        0x4 d:/ac6/workbench/plugins/fr.ac6.mcu.externaltools.arm-none.win32_1.17.0.201812190825/tools/compiler/bin/../lib/gcc/arm-none-eabi/7.3.1/../../../../arm-none-eabi/lib/thumb/v7-m\libc_nano.a(lib_a-nano-mallocr.o)
                0x2000009c                __malloc_sbrk_start
 *(COMMON)
 COMMON         0x200000a0       0x40 Core/Src/hc05.o
                0x200000a0                huart
 COMMON         0x200000e0       0x80 Core/Src/main.o
                0x200000e0                huart1
                0x20000120                huart2
 COMMON         0x20000160        0x4 Drivers/STM32F1xx_HAL_Driver/Src/stm32f1xx_hal.o
                0x20000160                uwTick
 COMMON         0x20000164        0x4 d:/ac6/workbench/plugins/fr.ac6.mcu.externaltools.arm-none.win32_1.17.0.201812190825/tools/compiler/bin/../lib/gcc/arm-none-eabi/7.3.1/../../../../arm-none-eabi/lib/thumb/v7-m\libc_nano.a(lib_a-reent.o)
                0x20000164                errno
                0x20000168                . = ALIGN (0x4)
                0x20000168                _ebss = .
                0x20000168                __bss_end__ = _ebss

._user_heap_stack
                0x20000168      0x600 load address 0x080014f4
                0x20000168                . = ALIGN (0x8)
                0x20000168                PROVIDE (end = .)
                [!provide]                PROVIDE (_end = .)
                0x20000368                . = (. + _Min_Heap_Size)
 *fill*         0x20000168      0x200 
                0x20000768                . = (. + _Min_Stack_Size)
 *fill*         0x20000368      0x400 
                0x20000768                . = ALIGN (0x8)

/DISCARD/
 libc.a(*)
 libm.a(*)
 libgcc.a(*)

.ARM.attributes
                0x00000000       0x29
 *(.ARM.attributes)
 .ARM.attributes
                0x00000000       0x1d d:/ac6/workbench/plugins/fr.ac6.mcu.externaltools.arm-none.win32_1.17.0.201812190825/tools/compiler/bin/../lib/gcc/arm-none-eabi/7.3.1/thumb/v7-m/crti.o
 .ARM.attributes
                0x0000001d       0x2d d:/ac6/workbench/plugins/fr.ac6.mcu.externaltools.arm-none.win32_1.17.0.201812190825/tools/compiler/bin/../lib/gcc/arm-none-eabi/7.3.1/thumb/v7-m/crtbegin.o
 .ARM.attributes
                0x0000004a       0x33 Core/Src/hc05.o
 .ARM.attributes
                0x0000007d       0x33 Core/Src/main.o
 .ARM.attributes
                0x000000b0       0x33 Core/Src/stm32f1xx_hal_msp.o
 .ARM.attributes
                0x000000e3       0x33 Core/Src/stm32f1xx_it.o
 .ARM.attributes
                0x00000116       0x33 Core/Src/syscalls.o
 .ARM.attributes
                0x00000149       0x33 Core/Src/system_stm32f1xx.o
 .ARM.attributes
                0x0000017c       0x33 Drivers/STM32F1xx_HAL_Driver/Src/stm32f1xx_hal.o
 .ARM.attributes
                0x000001af       0x33 Drivers/STM32F1xx_HAL_Driver/Src/stm32f1xx_hal_cortex.o
 .ARM.attributes
                0x000001e2       0x33 Drivers/STM32F1xx_HAL_Driver/Src/stm32f1xx_hal_gpio.o
 .ARM.attributes
                0x00000215       0x33 Drivers/STM32F1xx_HAL_Driver/Src/stm32f1xx_hal_rcc.o
 .ARM.attributes
                0x00000248       0x33 Drivers/STM32F1xx_HAL_Driver/Src/stm32f1xx_hal_uart.o
 .ARM.attributes
                0x0000027b       0x21 startup/startup_stm32f103xb.o
 .ARM.attributes
                0x0000029c       0x2d d:/ac6/workbench/plugins/fr.ac6.mcu.externaltools.arm-none.win32_1.17.0.201812190825/tools/compiler/bin/../lib/gcc/arm-none-eabi/7.3.1/../../../../arm-none-eabi/lib/thumb/v7-m\libc_nano.a(lib_a-errno.o)
 .ARM.attributes
                0x000002c9       0x2d d:/ac6/workbench/plugins/fr.ac6.mcu.externaltools.arm-none.win32_1.17.0.201812190825/tools/compiler/bin/../lib/gcc/arm-none-eabi/7.3.1/../../../../arm-none-eabi/lib/thumb/v7-m\libc_nano.a(lib_a-impure.o)
 .ARM.attributes
                0x000002f6       0x2d d:/ac6/workbench/plugins/fr.ac6.mcu.externaltools.arm-none.win32_1.17.0.201812190825/tools/compiler/bin/../lib/gcc/arm-none-eabi/7.3.1/../../../../arm-none-eabi/lib/thumb/v7-m\libc_nano.a(lib_a-init.o)
 .ARM.attributes
                0x00000323       0x2d d:/ac6/workbench/plugins/fr.ac6.mcu.externaltools.arm-none.win32_1.17.0.201812190825/tools/compiler/bin/../lib/gcc/arm-none-eabi/7.3.1/../../../../arm-none-eabi/lib/thumb/v7-m\libc_nano.a(lib_a-malloc.o)
 .ARM.attributes
                0x00000350       0x2d d:/ac6/workbench/plugins/fr.ac6.mcu.externaltools.arm-none.win32_1.17.0.201812190825/tools/compiler/bin/../lib/gcc/arm-none-eabi/7.3.1/../../../../arm-none-eabi/lib/thumb/v7-m\libc_nano.a(lib_a-memset.o)
 .ARM.attributes
                0x0000037d       0x2d d:/ac6/workbench/plugins/fr.ac6.mcu.externaltools.arm-none.win32_1.17.0.201812190825/tools/compiler/bin/../lib/gcc/arm-none-eabi/7.3.1/../../../../arm-none-eabi/lib/thumb/v7-m\libc_nano.a(lib_a-nano-mallocr.o)
 .ARM.attributes
                0x000003aa       0x2d d:/ac6/workbench/plugins/fr.ac6.mcu.externaltools.arm-none.win32_1.17.0.201812190825/tools/compiler/bin/../lib/gcc/arm-none-eabi/7.3.1/../../../../arm-none-eabi/lib/thumb/v7-m\libc_nano.a(lib_a-sbrkr.o)
 .ARM.attributes
                0x000003d7       0x17 d:/ac6/workbench/plugins/fr.ac6.mcu.externaltools.arm-none.win32_1.17.0.201812190825/tools/compiler/bin/../lib/gcc/arm-none-eabi/7.3.1/../../../../arm-none-eabi/lib/thumb/v7-m\libc_nano.a(lib_a-strlen.o)
 .ARM.attributes
                0x000003ee       0x2d d:/ac6/workbench/plugins/fr.ac6.mcu.externaltools.arm-none.win32_1.17.0.201812190825/tools/compiler/bin/../lib/gcc/arm-none-eabi/7.3.1/../../../../arm-none-eabi/lib/thumb/v7-m\libc_nano.a(lib_a-mlock.o)
 .ARM.attributes
                0x0000041b       0x2d d:/ac6/workbench/plugins/fr.ac6.mcu.externaltools.arm-none.win32_1.17.0.201812190825/tools/compiler/bin/../lib/gcc/arm-none-eabi/7.3.1/../../../../arm-none-eabi/lib/thumb/v7-m\libc_nano.a(lib_a-reent.o)
 .ARM.attributes
                0x00000448       0x1d d:/ac6/workbench/plugins/fr.ac6.mcu.externaltools.arm-none.win32_1.17.0.201812190825/tools/compiler/bin/../lib/gcc/arm-none-eabi/7.3.1/thumb/v7-m/crtn.o
OUTPUT(Example_Application.elf elf32-littlearm)

.debug_info     0x00000000     0xa42e
 .debug_info    0x00000000     0x33b8 Core/Src/hc05.o
 .debug_info    0x000033b8     0x1589 Core/Src/main.o
 .debug_info    0x00004941      0x901 Core/Src/stm32f1xx_hal_msp.o
 .debug_info    0x00005242      0x25c Core/Src/stm32f1xx_it.o
 .debug_info    0x0000549e      0xfd3 Core/Src/syscalls.o
 .debug_info    0x00006471      0x436 Core/Src/system_stm32f1xx.o
 .debug_info    0x000068a7      0x7a9 Drivers/STM32F1xx_HAL_Driver/Src/stm32f1xx_hal.o
 .debug_info    0x00007050      0xcaa Drivers/STM32F1xx_HAL_Driver/Src/stm32f1xx_hal_cortex.o
 .debug_info    0x00007cfa      0x690 Drivers/STM32F1xx_HAL_Driver/Src/stm32f1xx_hal_gpio.o
 .debug_info    0x0000838a      0x9e4 Drivers/STM32F1xx_HAL_Driver/Src/stm32f1xx_hal_rcc.o
 .debug_info    0x00008d6e     0x169e Drivers/STM32F1xx_HAL_Driver/Src/stm32f1xx_hal_uart.o
 .debug_info    0x0000a40c       0x22 startup/startup_stm32f103xb.o

.debug_abbrev   0x00000000     0x18f5
 .debug_abbrev  0x00000000      0x39e Core/Src/hc05.o
 .debug_abbrev  0x0000039e      0x2f3 Core/Src/main.o
 .debug_abbrev  0x00000691      0x1a9 Core/Src/stm32f1xx_hal_msp.o
 .debug_abbrev  0x0000083a      0x10c Core/Src/stm32f1xx_it.o
 .debug_abbrev  0x00000946      0x2d4 Core/Src/syscalls.o
 .debug_abbrev  0x00000c1a      0x134 Core/Src/system_stm32f1xx.o
 .debug_abbrev  0x00000d4e      0x1fe Drivers/STM32F1xx_HAL_Driver/Src/stm32f1xx_hal.o
 .debug_abbrev  0x00000f4c      0x303 Drivers/STM32F1xx_HAL_Driver/Src/stm32f1xx_hal_cortex.o
 .debug_abbrev  0x0000124f      0x1de Drivers/STM32F1xx_HAL_Driver/Src/stm32f1xx_hal_gpio.o
 .debug_abbrev  0x0000142d      0x257 Drivers/STM32F1xx_HAL_Driver/Src/stm32f1xx_hal_rcc.o
 .debug_abbrev  0x00001684      0x25f Drivers/STM32F1xx_HAL_Driver/Src/stm32f1xx_hal_uart.o
 .debug_abbrev  0x000018e3       0x12 startup/startup_stm32f103xb.o

.debug_loc      0x00000000     0x3a58
 .debug_loc     0x00000000     0x10b0 Core/Src/hc05.o
 .debug_loc     0x000010b0       0x1e Core/Src/main.o
 .debug_loc     0x000010ce       0xa6 Core/Src/stm32f1xx_hal_msp.o
 .debug_loc     0x00001174      0x3af Core/Src/syscalls.o
 .debug_loc     0x00001523       0xdf Core/Src/system_stm32f1xx.o
 .debug_loc     0x00001602      0x104 Drivers/STM32F1xx_HAL_Driver/Src/stm32f1xx_hal.o
 .debug_loc     0x00001706      0x5ad Drivers/STM32F1xx_HAL_Driver/Src/stm32f1xx_hal_cortex.o
 .debug_loc     0x00001cb3      0x3b7 Drivers/STM32F1xx_HAL_Driver/Src/stm32f1xx_hal_gpio.o
 .debug_loc     0x0000206a      0x4bb Drivers/STM32F1xx_HAL_Driver/Src/stm32f1xx_hal_rcc.o
 .debug_loc     0x00002525     0x1533 Drivers/STM32F1xx_HAL_Driver/Src/stm32f1xx_hal_uart.o

.debug_aranges  0x00000000      0x7f0
 .debug_aranges
                0x00000000      0x1e0 Core/Src/hc05.o
 .debug_aranges
                0x000001e0       0x50 Core/Src/main.o
 .debug_aranges
                0x00000230       0x30 Core/Src/stm32f1xx_hal_msp.o
 .debug_aranges
                0x00000260       0x68 Core/Src/stm32f1xx_it.o
 .debug_aranges
                0x000002c8       0xb0 Core/Src/syscalls.o
 .debug_aranges
                0x00000378       0x28 Core/Src/system_stm32f1xx.o
 .debug_aranges
                0x000003a0       0xe0 Drivers/STM32F1xx_HAL_Driver/Src/stm32f1xx_hal.o
 .debug_aranges
                0x00000480       0x90 Drivers/STM32F1xx_HAL_Driver/Src/stm32f1xx_hal_cortex.o
 .debug_aranges
                0x00000510       0x58 Drivers/STM32F1xx_HAL_Driver/Src/stm32f1xx_hal_gpio.o
 .debug_aranges
                0x00000568       0x90 Drivers/STM32F1xx_HAL_Driver/Src/stm32f1xx_hal_rcc.o
 .debug_aranges
                0x000005f8      0x1d0 Drivers/STM32F1xx_HAL_Driver/Src/stm32f1xx_hal_uart.o
 .debug_aranges
                0x000007c8       0x28 startup/startup_stm32f103xb.o

.debug_ranges   0x00000000      0x7e8
 .debug_ranges  0x00000000      0x200 Core/Src/hc05.o
 .debug_ranges  0x00000200       0x40 Core/Src/main.o
 .debug_ranges  0x00000240       0x20 Core/Src/stm32f1xx_hal_msp.o
 .debug_ranges  0x00000260       0x58 Core/Src/stm32f1xx_it.o
 .debug_ranges  0x000002b8       0xa0 Core/Src/syscalls.o
 .debug_ranges  0x00000358       0x18 Core/Src/system_stm32f1xx.o
 .debug_ranges  0x00000370       0xd0 Drivers/STM32F1xx_HAL_Driver/Src/stm32f1xx_hal.o
 .debug_ranges  0x00000440       0xe0 Drivers/STM32F1xx_HAL_Driver/Src/stm32f1xx_hal_cortex.o
 .debug_ranges  0x00000520       0x48 Drivers/STM32F1xx_HAL_Driver/Src/stm32f1xx_hal_gpio.o
 .debug_ranges  0x00000568       0xa0 Drivers/STM32F1xx_HAL_Driver/Src/stm32f1xx_hal_rcc.o
 .debug_ranges  0x00000608      0x1c0 Drivers/STM32F1xx_HAL_Driver/Src/stm32f1xx_hal_uart.o
 .debug_ranges  0x000007c8       0x20 startup/startup_stm32f103xb.o

.debug_macro    0x00000000    0x14554
 .debug_macro   0x00000000      0x250 Core/Src/hc05.o
 .debug_macro   0x00000250      0xa54 Core/Src/hc05.o
 .debug_macro   0x00000ca4      0x215 Core/Src/hc05.o
 .debug_macro   0x00000eb9       0x2e Core/Src/hc05.o
 .debug_macro   0x00000ee7       0x22 Core/Src/hc05.o
 .debug_macro   0x00000f09       0x22 Core/Src/hc05.o
 .debug_macro   0x00000f2b       0x8e Core/Src/hc05.o
 .debug_macro   0x00000fb9       0x51 Core/Src/hc05.o
 .debug_macro   0x0000100a       0xef Core/Src/hc05.o
 .debug_macro   0x000010f9       0x6a Core/Src/hc05.o
 .debug_macro   0x00001163      0x1df Core/Src/hc05.o
 .debug_macro   0x00001342       0x1c Core/Src/hc05.o
 .debug_macro   0x0000135e       0x22 Core/Src/hc05.o
 .debug_macro   0x00001380       0xc3 Core/Src/hc05.o
 .debug_macro   0x00001443      0xd23 Core/Src/hc05.o
 .debug_macro   0x00002166     0xe09e Core/Src/hc05.o
 .debug_macro   0x00010204       0x43 Core/Src/hc05.o
 .debug_macro   0x00010247      0x174 Core/Src/hc05.o
 .debug_macro   0x000103bb       0x5a Core/Src/hc05.o
 .debug_macro   0x00010415      0x5be Core/Src/hc05.o
 .debug_macro   0x000109d3      0x289 Core/Src/hc05.o
 .debug_macro   0x00010c5c      0x1cb Core/Src/hc05.o
 .debug_macro   0x00010e27      0x114 Core/Src/hc05.o
 .debug_macro   0x00010f3b      0x1b2 Core/Src/hc05.o
 .debug_macro   0x000110ed       0x27 Core/Src/hc05.o
 .debug_macro   0x00011114      0x136 Core/Src/hc05.o
 .debug_macro   0x0001124a      0x1bc Core/Src/hc05.o
 .debug_macro   0x00011406       0x34 Core/Src/hc05.o
 .debug_macro   0x0001143a       0x3c Core/Src/hc05.o
 .debug_macro   0x00011476       0x57 Core/Src/hc05.o
 .debug_macro   0x000114cd       0x88 Core/Src/hc05.o
 .debug_macro   0x00011555      0x241 Core/Src/hc05.o
 .debug_macro   0x00011796      0x141 Core/Src/hc05.o
 .debug_macro   0x000118d7      0x26b Core/Src/hc05.o
 .debug_macro   0x00011b42       0x83 Core/Src/hc05.o
 .debug_macro   0x00011bc5       0x5e Core/Src/hc05.o
 .debug_macro   0x00011c23       0x18 Core/Src/hc05.o
 .debug_macro   0x00011c3b       0x35 Core/Src/hc05.o
 .debug_macro   0x00011c70       0x34 Core/Src/hc05.o
 .debug_macro   0x00011ca4       0x58 Core/Src/hc05.o
 .debug_macro   0x00011cfc       0x1f Core/Src/hc05.o
 .debug_macro   0x00011d1b       0x43 Core/Src/hc05.o
 .debug_macro   0x00011d5e       0x20 Core/Src/hc05.o
 .debug_macro   0x00011d7e      0x18e Core/Src/hc05.o
 .debug_macro   0x00011f0c      0x32a Core/Src/hc05.o
 .debug_macro   0x00012236       0x10 Core/Src/hc05.o
 .debug_macro   0x00012246       0x35 Core/Src/hc05.o
 .debug_macro   0x0001227b      0x1f0 Core/Src/hc05.o
 .debug_macro   0x0001246b      0x268 Core/Src/main.o
 .debug_macro   0x000126d3       0x5e Core/Src/main.o
 .debug_macro   0x00012731       0x22 Core/Src/main.o
 .debug_macro   0x00012753      0x194 Core/Src/stm32f1xx_hal_msp.o
 .debug_macro   0x000128e7      0x19e Core/Src/stm32f1xx_it.o
 .debug_macro   0x00012a85      0x243 Core/Src/syscalls.o
 .debug_macro   0x00012cc8       0x58 Core/Src/syscalls.o
 .debug_macro   0x00012d20       0x94 Core/Src/syscalls.o
 .debug_macro   0x00012db4       0x57 Core/Src/syscalls.o
 .debug_macro   0x00012e0b      0x330 Core/Src/syscalls.o
 .debug_macro   0x0001313b       0x10 Core/Src/syscalls.o
 .debug_macro   0x0001314b       0x10 Core/Src/syscalls.o
 .debug_macro   0x0001315b       0x10 Core/Src/syscalls.o
 .debug_macro   0x0001316b       0x10 Core/Src/syscalls.o
 .debug_macro   0x0001317b       0x1c Core/Src/syscalls.o
 .debug_macro   0x00013197       0x52 Core/Src/syscalls.o
 .debug_macro   0x000131e9       0x40 Core/Src/syscalls.o
 .debug_macro   0x00013229       0x10 Core/Src/syscalls.o
 .debug_macro   0x00013239       0x40 Core/Src/syscalls.o
 .debug_macro   0x00013279       0xd7 Core/Src/syscalls.o
 .debug_macro   0x00013350       0x1c Core/Src/syscalls.o
 .debug_macro   0x0001336c       0x3d Core/Src/syscalls.o
 .debug_macro   0x000133a9       0x35 Core/Src/syscalls.o
 .debug_macro   0x000133de      0x122 Core/Src/syscalls.o
 .debug_macro   0x00013500       0x16 Core/Src/syscalls.o
 .debug_macro   0x00013516       0x16 Core/Src/syscalls.o
 .debug_macro   0x0001352c       0x29 Core/Src/syscalls.o
 .debug_macro   0x00013555       0x10 Core/Src/syscalls.o
 .debug_macro   0x00013565      0x241 Core/Src/syscalls.o
 .debug_macro   0x000137a6       0x1c Core/Src/syscalls.o
 .debug_macro   0x000137c2       0x10 Core/Src/syscalls.o
 .debug_macro   0x000137d2       0x10 Core/Src/syscalls.o
 .debug_macro   0x000137e2       0x16 Core/Src/syscalls.o
 .debug_macro   0x000137f8      0x16f Core/Src/syscalls.o
 .debug_macro   0x00013967      0x189 Core/Src/syscalls.o
 .debug_macro   0x00013af0       0x16 Core/Src/syscalls.o
 .debug_macro   0x00013b06       0x88 Core/Src/syscalls.o
 .debug_macro   0x00013b8e      0x18b Core/Src/system_stm32f1xx.o
 .debug_macro   0x00013d19      0x1a9 Drivers/STM32F1xx_HAL_Driver/Src/stm32f1xx_hal.o
 .debug_macro   0x00013ec2      0x185 Drivers/STM32F1xx_HAL_Driver/Src/stm32f1xx_hal_cortex.o
 .debug_macro   0x00014047      0x1f0 Drivers/STM32F1xx_HAL_Driver/Src/stm32f1xx_hal_gpio.o
 .debug_macro   0x00014237      0x197 Drivers/STM32F1xx_HAL_Driver/Src/stm32f1xx_hal_rcc.o
 .debug_macro   0x000143ce      0x186 Drivers/STM32F1xx_HAL_Driver/Src/stm32f1xx_hal_uart.o

.debug_line     0x00000000     0x5b2d
 .debug_line    0x00000000      0xb7b Core/Src/hc05.o
 .debug_line    0x00000b7b      0x754 Core/Src/main.o
 .debug_line    0x000012cf      0x643 Core/Src/stm32f1xx_hal_msp.o
 .debug_line    0x00001912      0x696 Core/Src/stm32f1xx_it.o
 .debug_line    0x00001fa8      0x5be Core/Src/syscalls.o
 .debug_line    0x00002566      0x628 Core/Src/system_stm32f1xx.o
 .debug_line    0x00002b8e      0x7ca Drivers/STM32F1xx_HAL_Driver/Src/stm32f1xx_hal.o
 .debug_line    0x00003358      0x7d8 Drivers/STM32F1xx_HAL_Driver/Src/stm32f1xx_hal_cortex.o
 .debug_line    0x00003b30      0x79d Drivers/STM32F1xx_HAL_Driver/Src/stm32f1xx_hal_gpio.o
 .debug_line    0x000042cd      0x8d3 Drivers/STM32F1xx_HAL_Driver/Src/stm32f1xx_hal_rcc.o
 .debug_line    0x00004ba0      0xf10 Drivers/STM32F1xx_HAL_Driver/Src/stm32f1xx_hal_uart.o
 .debug_line    0x00005ab0       0x7d startup/startup_stm32f103xb.o

.debug_str      0x00000000    0x6be56
 .debug_str     0x00000000    0x67fdd Core/Src/hc05.o
                              0x68390 (size before relaxing)
 .debug_str     0x00067fdd      0x6fb Core/Src/main.o
                              0x684a3 (size before relaxing)
 .debug_str     0x000686d8       0x8e Core/Src/stm32f1xx_hal_msp.o
                              0x64d07 (size before relaxing)
 .debug_str     0x00068766       0xf7 Core/Src/stm32f1xx_it.o
                              0x6494c (size before relaxing)
 .debug_str     0x0006885d     0x2498 Core/Src/syscalls.o
                               0x8586 (size before relaxing)
 .debug_str     0x0006acf5       0xc2 Core/Src/system_stm32f1xx.o
                              0x64806 (size before relaxing)
 .debug_str     0x0006adb7      0x3d1 Drivers/STM32F1xx_HAL_Driver/Src/stm32f1xx_hal.o
                              0x64e5c (size before relaxing)
 .debug_str     0x0006b188      0x270 Drivers/STM32F1xx_HAL_Driver/Src/stm32f1xx_hal_cortex.o
                              0x64e25 (size before relaxing)
 .debug_str     0x0006b3f8      0x2bb Drivers/STM32F1xx_HAL_Driver/Src/stm32f1xx_hal_gpio.o
                              0x64b50 (size before relaxing)
 .debug_str     0x0006b6b3      0x23d Drivers/STM32F1xx_HAL_Driver/Src/stm32f1xx_hal_rcc.o
                              0x64bb0 (size before relaxing)
 .debug_str     0x0006b8f0      0x537 Drivers/STM32F1xx_HAL_Driver/Src/stm32f1xx_hal_uart.o
                              0x650ef (size before relaxing)
 .debug_str     0x0006be27       0x2f startup/startup_stm32f103xb.o
                                 0x69 (size before relaxing)

.comment        0x00000000       0x7f
 .comment       0x00000000       0x7f Core/Src/hc05.o
                                 0x80 (size before relaxing)
 .comment       0x0000007f       0x80 Core/Src/main.o
 .comment       0x0000007f       0x80 Core/Src/stm32f1xx_hal_msp.o
 .comment       0x0000007f       0x80 Core/Src/stm32f1xx_it.o
 .comment       0x0000007f       0x80 Core/Src/syscalls.o
 .comment       0x0000007f       0x80 Core/Src/system_stm32f1xx.o
 .comment       0x0000007f       0x80 Drivers/STM32F1xx_HAL_Driver/Src/stm32f1xx_hal.o
 .comment       0x0000007f       0x80 Drivers/STM32F1xx_HAL_Driver/Src/stm32f1xx_hal_cortex.o
 .comment       0x0000007f       0x80 Drivers/STM32F1xx_HAL_Driver/Src/stm32f1xx_hal_gpio.o
 .comment       0x0000007f       0x80 Drivers/STM32F1xx_HAL_Driver/Src/stm32f1xx_hal_rcc.o
 .comment       0x0000007f       0x80 Drivers/STM32F1xx_HAL_Driver/Src/stm32f1xx_hal_uart.o

.debug_frame    0x00000000     0x1638
 .debug_frame   0x00000000      0x6a4 Core/Src/hc05.o
 .debug_frame   0x000006a4       0xb8 Core/Src/main.o
 .debug_frame   0x0000075c       0x60 Core/Src/stm32f1xx_hal_msp.o
 .debug_frame   0x000007bc       0xc0 Core/Src/stm32f1xx_it.o
 .debug_frame   0x0000087c      0x1a8 Core/Src/syscalls.o
 .debug_frame   0x00000a24       0x30 Core/Src/system_stm32f1xx.o
 .debug_frame   0x00000a54      0x1d0 Drivers/STM32F1xx_HAL_Driver/Src/stm32f1xx_hal.o
 .debug_frame   0x00000c24      0x12c Drivers/STM32F1xx_HAL_Driver/Src/stm32f1xx_hal_cortex.o
 .debug_frame   0x00000d50       0xe8 Drivers/STM32F1xx_HAL_Driver/Src/stm32f1xx_hal_gpio.o
 .debug_frame   0x00000e38      0x198 Drivers/STM32F1xx_HAL_Driver/Src/stm32f1xx_hal_rcc.o
 .debug_frame   0x00000fd0      0x4e8 Drivers/STM32F1xx_HAL_Driver/Src/stm32f1xx_hal_uart.o
 .debug_frame   0x000014b8       0x20 d:/ac6/workbench/plugins/fr.ac6.mcu.externaltools.arm-none.win32_1.17.0.201812190825/tools/compiler/bin/../lib/gcc/arm-none-eabi/7.3.1/../../../../arm-none-eabi/lib/thumb/v7-m\libc_nano.a(lib_a-errno.o)
 .debug_frame   0x000014d8       0x2c d:/ac6/workbench/plugins/fr.ac6.mcu.externaltools.arm-none.win32_1.17.0.201812190825/tools/compiler/bin/../lib/gcc/arm-none-eabi/7.3.1/../../../../arm-none-eabi/lib/thumb/v7-m\libc_nano.a(lib_a-init.o)
 .debug_frame   0x00001504       0x30 d:/ac6/workbench/plugins/fr.ac6.mcu.externaltools.arm-none.win32_1.17.0.201812190825/tools/compiler/bin/../lib/gcc/arm-none-eabi/7.3.1/../../../../arm-none-eabi/lib/thumb/v7-m\libc_nano.a(lib_a-malloc.o)
 .debug_frame   0x00001534       0x20 d:/ac6/workbench/plugins/fr.ac6.mcu.externaltools.arm-none.win32_1.17.0.201812190825/tools/compiler/bin/../lib/gcc/arm-none-eabi/7.3.1/../../../../arm-none-eabi/lib/thumb/v7-m\libc_nano.a(lib_a-memset.o)
 .debug_frame   0x00001554       0x2c d:/ac6/workbench/plugins/fr.ac6.mcu.externaltools.arm-none.win32_1.17.0.201812190825/tools/compiler/bin/../lib/gcc/arm-none-eabi/7.3.1/../../../../arm-none-eabi/lib/thumb/v7-m\libc_nano.a(lib_a-nano-mallocr.o)
 .debug_frame   0x00001580       0x2c d:/ac6/workbench/plugins/fr.ac6.mcu.externaltools.arm-none.win32_1.17.0.201812190825/tools/compiler/bin/../lib/gcc/arm-none-eabi/7.3.1/../../../../arm-none-eabi/lib/thumb/v7-m\libc_nano.a(lib_a-sbrkr.o)
 .debug_frame   0x000015ac       0x30 d:/ac6/workbench/plugins/fr.ac6.mcu.externaltools.arm-none.win32_1.17.0.201812190825/tools/compiler/bin/../lib/gcc/arm-none-eabi/7.3.1/../../../../arm-none-eabi/lib/thumb/v7-m\libc_nano.a(lib_a-mlock.o)
 .debug_frame   0x000015dc       0x5c d:/ac6/workbench/plugins/fr.ac6.mcu.externaltools.arm-none.win32_1.17.0.201812190825/tools/compiler/bin/../lib/gcc/arm-none-eabi/7.3.1/../../../../arm-none-eabi/lib/thumb/v7-m\libc_nano.a(lib_a-reent.o)
